src/app/admin/archived-posts/page.tsx(1,10): error TS2305: Module '"@/lib/db"' has no exported member 'db'.
src/app/admin/archived-posts/page.tsx(33,44): error TS7006: Parameter 'post' implicitly has an 'any' type.
src/app/api/photos/[id]/pin/route.ts(27,9): error TS2554: Expected 2 arguments, but got 1.
